---
source: workspaces/optic-engine/src/queries/shape.rs
expression: choice_mapping
---
{
    "object_shape_1": [
        Object(
            ObjectChoice {
                shape_id: "object_shape_1",
                json_type: Object,
                fields: [],
            },
        ),
    ],
    "string_shape_1": [
        Primitive(
            PrimitiveChoice {
                shape_id: "string_shape_1",
                json_type: String,
            },
        ),
    ],
}
