---
source: workspaces/optic-engine/src/queries/shape.rs
expression: "&edit_shape_commands"
---
[
    ShapeCommand(
        SetFieldShape(
            SetFieldShape {
                shape_descriptor: FieldShapeFromShape(
                    FieldShapeFromShape {
                        field_id: "field_1",
                        shape_id: "string_shape_1",
                    },
                ),
            },
        ),
    ),
]
