---
source: workspaces/optic-engine/src/queries/shape.rs
expression: "&remove_field_commands"
---
[
    ShapeCommand(
        RemoveField(
            RemoveField {
                field_id: "field_1",
            },
        ),
    ),
]
