---
source: workspaces/optic-engine/tests/bug-scenarios.rs
expression: "Dot::with_config(&spec_projection.spectacle_endpoints().graph, &[])"
---
digraph {
    0 [ label = "Path(\l    PathNode {\l        absolute_path_pattern: \"/\",\l        is_parameterized: false,\l        name: \"\",\l        path_id: \"root\",\l        is_removed: false,\l    },\l)\l" ]
    1 [ label = "BatchCommit(\l    BatchCommitNode {\l        batch_id: \"b6cc38d6-f82f-445a-85b2-6acf2adafe27\",\l        created_at: \"2020-01-20T20:51:53.435Z\",\l        commit_message: \"Initialize specification attributes\",\l    },\l)\l" ]
    2 [ label = "BatchCommit(\l    BatchCommitNode {\l        batch_id: \"2cdd98d5-5974-41ba-ab0d-595ab168dc6d\",\l        created_at: \"2020-02-20T20:51:53.435Z\",\l        commit_message: \"\\n\\nChanges:\\n- Added Request with 'application/json' Content-Type \\n- Added '200' Response with 'application/json' Content-Type \",\l    },\l)\l" ]
    3 [ label = "Path(\l    PathNode {\l        absolute_path_pattern: \"/api\",\l        is_parameterized: false,\l        name: \"api\",\l        path_id: \"path_DuKsKy5MFb\",\l        is_removed: false,\l    },\l)\l" ]
    4 [ label = "Path(\l    PathNode {\l        absolute_path_pattern: \"/api/todos\",\l        is_parameterized: false,\l        name: \"todos\",\l        path_id: \"path_UOIsxzICu5\",\l        is_removed: false,\l    },\l)\l" ]
    5 [ label = "Endpoint(\l    EndpointNode {\l        path_id: \"path_UOIsxzICu5\",\l        http_method: \"GET\",\l        id: \"path_UOIsxzICu5.GET\",\l        is_removed: false,\l    },\l)\l" ]
    6 [ label = "Request(\l    RequestNode {\l        request_id: \"request_gwQEFrHpO0\",\l        is_removed: true,\l    },\l)\l" ]
    7 [ label = "Body(\l    BodyNode {\l        http_content_type: \"application/json\",\l        root_shape_id: \"shape_cEkQAVQ3ib\",\l        is_removed: false,\l    },\l)\l" ]
    8 [ label = "Response(\l    ResponseNode {\l        http_status_code: 200,\l        response_id: \"response_Zv48g7lL5e\",\l        is_removed: true,\l    },\l)\l" ]
    9 [ label = "Body(\l    BodyNode {\l        http_content_type: \"application/json\",\l        root_shape_id: \"shape_0xeeapZ7UZ\",\l        is_removed: false,\l    },\l)\l" ]
    10 [ label = "BatchCommit(\l    BatchCommitNode {\l        batch_id: \"55c5281d-a476-4acd-aa4c-b0d6be065253\",\l        created_at: \"2020-03-20T20:51:53.435Z\",\l        commit_message: \"\\n\\nChanges:\\n- Added Request with 'application/json' Content-Type \\n- Added '200' Response with 'application/json' Content-Type \",\l    },\l)\l" ]
    11 [ label = "Path(\l    PathNode {\l        absolute_path_pattern: \"/api/lists\",\l        is_parameterized: false,\l        name: \"lists\",\l        path_id: \"path_F22U4m3ddD\",\l        is_removed: false,\l    },\l)\l" ]
    12 [ label = "Path(\l    PathNode {\l        absolute_path_pattern: \"/api/lists/{}\",\l        is_parameterized: true,\l        name: \"listId\",\l        path_id: \"path_AsEexQkVwC\",\l        is_removed: false,\l    },\l)\l" ]
    13 [ label = "Path(\l    PathNode {\l        absolute_path_pattern: \"/api/lists/{}/completed\",\l        is_parameterized: false,\l        name: \"completed\",\l        path_id: \"path_xhUZ8irdJO\",\l        is_removed: false,\l    },\l)\l" ]
    14 [ label = "Endpoint(\l    EndpointNode {\l        path_id: \"path_xhUZ8irdJO\",\l        http_method: \"GET\",\l        id: \"path_xhUZ8irdJO.GET\",\l        is_removed: false,\l    },\l)\l" ]
    15 [ label = "Request(\l    RequestNode {\l        request_id: \"request_SqY61Qc9Mi\",\l        is_removed: false,\l    },\l)\l" ]
    16 [ label = "Body(\l    BodyNode {\l        http_content_type: \"application/json\",\l        root_shape_id: \"shape_Lx1MrhWlFb\",\l        is_removed: false,\l    },\l)\l" ]
    17 [ label = "Response(\l    ResponseNode {\l        http_status_code: 200,\l        response_id: \"response_RkkvxIt2RG\",\l        is_removed: false,\l    },\l)\l" ]
    18 [ label = "Body(\l    BodyNode {\l        http_content_type: \"application/json\",\l        root_shape_id: \"shape_ToF242uYVA\",\l        is_removed: false,\l    },\l)\l" ]
    19 [ label = "BatchCommit(\l    BatchCommitNode {\l        batch_id: \"2cc302d2-c660-4362-9601-dc14fe69542c\",\l        created_at: \"2020-11-20T20:52:31.789Z\",\l        commit_message: \"Learn query parameters\",\l    },\l)\l" ]
    20 [ label = "QueryParameters(\l    QueryParametersNode {\l        query_parameters_id: \"query_LqY12Qc9Mi\",\l        root_shape_id: Some(\l            \"shape_tNRgroSwLj\",\l        ),\l        is_removed: false,\l    },\l)\l" ]
    21 [ label = "BatchCommit(\l    BatchCommitNode {\l        batch_id: \"7f793216-3b2f-4976-9742-960c3aad71cc\",\l        created_at: \"2021-07-27T12:23:05.962-07:00\",\l        commit_message: \"1\",\l    },\l)\l" ]
    22 [ label = "BatchCommit(\l    BatchCommitNode {\l        batch_id: \"60a877b9-f7da-4863-972e-c64891a7cf95\",\l        created_at: \"2021-07-27T12:23:15.579-07:00\",\l        commit_message: \"1\",\l    },\l)\l" ]
    23 [ label = "QueryParameters(\l    QueryParametersNode {\l        query_parameters_id: \"query_params_FoEdAa2vJI\",\l        root_shape_id: Some(\l            \"shape_fiwMKAQmgm\",\l        ),\l        is_removed: false,\l    },\l)\l" ]
    24 [ label = "Request(\l    RequestNode {\l        request_id: \"request_oi_W7F05BQ\",\l        is_removed: false,\l    },\l)\l" ]
    25 [ label = "Body(\l    BodyNode {\l        http_content_type: \"application/json\",\l        root_shape_id: \"shape_Ajc-5GBwES\",\l        is_removed: false,\l    },\l)\l" ]
    26 [ label = "Response(\l    ResponseNode {\l        http_status_code: 200,\l        response_id: \"response_eNaSboUsD5\",\l        is_removed: false,\l    },\l)\l" ]
    27 [ label = "Body(\l    BodyNode {\l        http_content_type: \"application/json\",\l        root_shape_id: \"shape_MNdsKVEOiS\",\l        is_removed: false,\l    },\l)\l" ]
    28 [ label = "Response(\l    ResponseNode {\l        http_status_code: 404,\l        response_id: \"response_ZsVrU3KVDU\",\l        is_removed: false,\l    },\l)\l" ]
    29 [ label = "Body(\l    BodyNode {\l        http_content_type: \"application/json\",\l        root_shape_id: \"shape_d4ig2YmIe-\",\l        is_removed: false,\l    },\l)\l" ]
    3 -> 0 [ label = "IsChildOf\l" ]
    3 -> 2 [ label = "CreatedIn\l" ]
    4 -> 3 [ label = "IsChildOf\l" ]
    4 -> 2 [ label = "CreatedIn\l" ]
    5 -> 4 [ label = "IsChildOf\l" ]
    24 -> 22 [ label = "CreatedIn\l" ]
    6 -> 2 [ label = "CreatedIn\l" ]
    7 -> 6 [ label = "IsChildOf\l" ]
    7 -> 2 [ label = "CreatedIn\l" ]
    26 -> 22 [ label = "CreatedIn\l" ]
    8 -> 2 [ label = "CreatedIn\l" ]
    9 -> 8 [ label = "IsChildOf\l" ]
    9 -> 2 [ label = "CreatedIn\l" ]
    11 -> 3 [ label = "IsChildOf\l" ]
    11 -> 10 [ label = "CreatedIn\l" ]
    12 -> 11 [ label = "IsChildOf\l" ]
    13 -> 12 [ label = "IsChildOf\l" ]
    13 -> 10 [ label = "CreatedIn\l" ]
    14 -> 13 [ label = "IsChildOf\l" ]
    15 -> 14 [ label = "IsChildOf\l" ]
    15 -> 10 [ label = "CreatedIn\l" ]
    16 -> 15 [ label = "IsChildOf\l" ]
    16 -> 10 [ label = "CreatedIn\l" ]
    17 -> 14 [ label = "IsChildOf\l" ]
    17 -> 10 [ label = "CreatedIn\l" ]
    18 -> 17 [ label = "IsChildOf\l" ]
    18 -> 10 [ label = "CreatedIn\l" ]
    20 -> 14 [ label = "IsChildOf\l" ]
    20 -> 19 [ label = "CreatedIn\l" ]
    6 -> 21 [ label = "RemovedIn\l" ]
    8 -> 21 [ label = "RemovedIn\l" ]
    23 -> 5 [ label = "IsChildOf\l" ]
    23 -> 22 [ label = "CreatedIn\l" ]
    24 -> 5 [ label = "IsChildOf\l" ]
    25 -> 24 [ label = "IsChildOf\l" ]
    25 -> 22 [ label = "CreatedIn\l" ]
    26 -> 5 [ label = "IsChildOf\l" ]
    27 -> 26 [ label = "IsChildOf\l" ]
    27 -> 22 [ label = "CreatedIn\l" ]
    28 -> 5 [ label = "IsChildOf\l" ]
    28 -> 22 [ label = "CreatedIn\l" ]
    29 -> 28 [ label = "IsChildOf\l" ]
    29 -> 22 [ label = "CreatedIn\l" ]
}

