---
source: workspaces/optic-engine/tests/bug-scenarios.rs
expression: "Dot::with_config(&spec_projection.endpoint().graph, &[])"
---
digraph {
    0 [ label = "PathComponent(\l    \"root\",\l    PathComponentDescriptor {\l        is_parameter: false,\l        name: \"\",\l    },\l)\l" ]
    1 [ label = "PathComponent(\l    \"path_DuKsKy5MFb\",\l    PathComponentDescriptor {\l        is_parameter: false,\l        name: \"api\",\l    },\l)\l" ]
    2 [ label = "PathComponent(\l    \"path_UOIsxzICu5\",\l    PathComponentDescriptor {\l        is_parameter: false,\l        name: \"todos\",\l    },\l)\l" ]
    3 [ label = "HttpMethod(\l    \"GET\",\l)\l" ]
    4 [ label = "Request(\l    \"request_gwQEFrHpO0\",\l    RequestDescriptor {\l        body: Some(\l            BodyDescriptor {\l                http_content_type: \"application/json\",\l                root_shape_id: \"shape_cEkQAVQ3ib\",\l            },\l        ),\l    },\l)\l" ]
    5 [ label = "HttpStatusCode(\l    200,\l)\l" ]
    6 [ label = "Response(\l    \"response_Zv48g7lL5e\",\l    ResponseBodyDescriptor {\l        body: Some(\l            BodyDescriptor {\l                http_content_type: \"application/json\",\l                root_shape_id: \"shape_0xeeapZ7UZ\",\l            },\l        ),\l    },\l)\l" ]
    7 [ label = "PathComponent(\l    \"path_F22U4m3ddD\",\l    PathComponentDescriptor {\l        is_parameter: false,\l        name: \"lists\",\l    },\l)\l" ]
    8 [ label = "PathComponent(\l    \"path_AsEexQkVwC\",\l    PathComponentDescriptor {\l        is_parameter: true,\l        name: \"listId\",\l    },\l)\l" ]
    9 [ label = "PathComponent(\l    \"path_xhUZ8irdJO\",\l    PathComponentDescriptor {\l        is_parameter: false,\l        name: \"completed\",\l    },\l)\l" ]
    10 [ label = "HttpMethod(\l    \"GET\",\l)\l" ]
    11 [ label = "Request(\l    \"request_SqY61Qc9Mi\",\l    RequestDescriptor {\l        body: Some(\l            BodyDescriptor {\l                http_content_type: \"application/json\",\l                root_shape_id: \"shape_Lx1MrhWlFb\",\l            },\l        ),\l    },\l)\l" ]
    12 [ label = "HttpStatusCode(\l    200,\l)\l" ]
    13 [ label = "Response(\l    \"response_RkkvxIt2RG\",\l    ResponseBodyDescriptor {\l        body: Some(\l            BodyDescriptor {\l                http_content_type: \"application/json\",\l                root_shape_id: \"shape_ToF242uYVA\",\l            },\l        ),\l    },\l)\l" ]
    14 [ label = "QueryParameters(\l    \"query_LqY12Qc9Mi\",\l    QueryParametersDescriptor {\l        shape: Some(\l            QueryParametersShapeDescriptor {\l                shape_id: \"shape_tNRgroSwLj\",\l                is_removed: false,\l            },\l        ),\l    },\l)\l" ]
    15 [ label = "QueryParameters(\l    \"query_params_FoEdAa2vJI\",\l    QueryParametersDescriptor {\l        shape: Some(\l            QueryParametersShapeDescriptor {\l                shape_id: \"shape_fiwMKAQmgm\",\l                is_removed: false,\l            },\l        ),\l    },\l)\l" ]
    16 [ label = "Request(\l    \"request_oi_W7F05BQ\",\l    RequestDescriptor {\l        body: Some(\l            BodyDescriptor {\l                http_content_type: \"application/json\",\l                root_shape_id: \"shape_Ajc-5GBwES\",\l            },\l        ),\l    },\l)\l" ]
    17 [ label = "HttpStatusCode(\l    200,\l)\l" ]
    18 [ label = "Response(\l    \"response_eNaSboUsD5\",\l    ResponseBodyDescriptor {\l        body: Some(\l            BodyDescriptor {\l                http_content_type: \"application/json\",\l                root_shape_id: \"shape_MNdsKVEOiS\",\l            },\l        ),\l    },\l)\l" ]
    19 [ label = "HttpStatusCode(\l    404,\l)\l" ]
    20 [ label = "Response(\l    \"response_ZsVrU3KVDU\",\l    ResponseBodyDescriptor {\l        body: Some(\l            BodyDescriptor {\l                http_content_type: \"application/json\",\l                root_shape_id: \"shape_d4ig2YmIe-\",\l            },\l        ),\l    },\l)\l" ]
    1 -> 0 [ label = "IsChildOf\l" ]
    2 -> 1 [ label = "IsChildOf\l" ]
    3 -> 2 [ label = "IsChildOf\l" ]
    14 -> 10 [ label = "IsChildOf\l" ]
    13 -> 12 [ label = "IsChildOf\l" ]
    6 -> 5 [ label = "IsChildOf\l" ]
    7 -> 1 [ label = "IsChildOf\l" ]
    8 -> 7 [ label = "IsChildOf\l" ]
    9 -> 8 [ label = "IsChildOf\l" ]
    10 -> 9 [ label = "IsChildOf\l" ]
    11 -> 10 [ label = "IsChildOf\l" ]
    12 -> 10 [ label = "IsChildOf\l" ]
    15 -> 3 [ label = "IsChildOf\l" ]
    16 -> 3 [ label = "IsChildOf\l" ]
    17 -> 3 [ label = "IsChildOf\l" ]
    18 -> 17 [ label = "IsChildOf\l" ]
    19 -> 3 [ label = "IsChildOf\l" ]
    20 -> 19 [ label = "IsChildOf\l" ]
}

