---
source: workspaces/optic-engine/tests/domain-conflict-scenarios-generated.rs
expression: "Dot::with_config(&spec_projection.spectacle_endpoints().graph, &[])"
---
digraph {
    0 [ label = "Path(\l    PathNode {\l        absolute_path_pattern: \"/\",\l        is_parameterized: false,\l        name: \"\",\l        path_id: \"root\",\l        is_removed: false,\l    },\l)\l" ]
    1 [ label = "BatchCommit(\l    BatchCommitNode {\l        batch_id: \"57630124-211a-440d-8bd3-2496ccc97f0c\",\l        created_at: \"2021-02-01T18:25:15.656Z\",\l        commit_message: \"initial spec\",\l    },\l)\l" ]
    2 [ label = "Path(\l    PathNode {\l        absolute_path_pattern: \"/posts\",\l        is_parameterized: false,\l        name: \"posts\",\l        path_id: \"path_9Wdr4kyshW\",\l        is_removed: false,\l    },\l)\l" ]
    3 [ label = "Path(\l    PathNode {\l        absolute_path_pattern: \"/comments\",\l        is_parameterized: false,\l        name: \"comments\",\l        path_id: \"path_8paa69fCfC\",\l        is_removed: false,\l    },\l)\l" ]
    4 [ label = "Path(\l    PathNode {\l        absolute_path_pattern: \"/profile\",\l        is_parameterized: false,\l        name: \"profile\",\l        path_id: \"path_osi3pD8diw\",\l        is_removed: false,\l    },\l)\l" ]
    5 [ label = "Endpoint(\l    EndpointNode {\l        path_id: \"path_9Wdr4kyshW\",\l        http_method: \"GET\",\l        id: \"path_9Wdr4kyshW.GET\",\l        is_removed: false,\l    },\l)\l" ]
    6 [ label = "Request(\l    RequestNode {\l        request_id: \"request_w0KmJ5kZIe\",\l        is_removed: false,\l    },\l)\l" ]
    7 [ label = "Response(\l    ResponseNode {\l        http_status_code: 200,\l        response_id: \"response_iQd5ISIZH9\",\l        is_removed: false,\l    },\l)\l" ]
    8 [ label = "Body(\l    BodyNode {\l        http_content_type: \"application/json\",\l        root_shape_id: \"shape_E9IzHThmZv\",\l        is_removed: false,\l    },\l)\l" ]
    9 [ label = "Endpoint(\l    EndpointNode {\l        path_id: \"path_8paa69fCfC\",\l        http_method: \"GET\",\l        id: \"path_8paa69fCfC.GET\",\l        is_removed: false,\l    },\l)\l" ]
    10 [ label = "Request(\l    RequestNode {\l        request_id: \"request_CEJzcYN3NN\",\l        is_removed: false,\l    },\l)\l" ]
    11 [ label = "Response(\l    ResponseNode {\l        http_status_code: 200,\l        response_id: \"response_ata4rM8zB1\",\l        is_removed: false,\l    },\l)\l" ]
    12 [ label = "Body(\l    BodyNode {\l        http_content_type: \"application/json\",\l        root_shape_id: \"shape_UlLNexyAzZ\",\l        is_removed: false,\l    },\l)\l" ]
    13 [ label = "Endpoint(\l    EndpointNode {\l        path_id: \"path_osi3pD8diw\",\l        http_method: \"GET\",\l        id: \"path_osi3pD8diw.GET\",\l        is_removed: false,\l    },\l)\l" ]
    14 [ label = "Request(\l    RequestNode {\l        request_id: \"request_AJISCmgnoU\",\l        is_removed: false,\l    },\l)\l" ]
    15 [ label = "Response(\l    ResponseNode {\l        http_status_code: 200,\l        response_id: \"response_HZFYN85Iui\",\l        is_removed: false,\l    },\l)\l" ]
    16 [ label = "Body(\l    BodyNode {\l        http_content_type: \"application/json\",\l        root_shape_id: \"shape_MiVhGwZrMY\",\l        is_removed: false,\l    },\l)\l" ]
    17 [ label = "BatchCommit(\l    BatchCommitNode {\l        batch_id: \"2f5c2536-6500-495a-b0b1-947d55394009\",\l        created_at: \"2021-02-01T18:26:25.849Z\",\l        commit_message: \"initial spec\",\l    },\l)\l" ]
    18 [ label = "Path(\l    PathNode {\l        absolute_path_pattern: \"/posts\",\l        is_parameterized: false,\l        name: \"posts\",\l        path_id: \"path_rmPGKep5SW\",\l        is_removed: false,\l    },\l)\l" ]
    19 [ label = "Path(\l    PathNode {\l        absolute_path_pattern: \"/profile\",\l        is_parameterized: false,\l        name: \"profile\",\l        path_id: \"path_CmA4ZrhSXc\",\l        is_removed: false,\l    },\l)\l" ]
    20 [ label = "Endpoint(\l    EndpointNode {\l        path_id: \"path_rmPGKep5SW\",\l        http_method: \"GET\",\l        id: \"path_rmPGKep5SW.GET\",\l        is_removed: false,\l    },\l)\l" ]
    21 [ label = "Request(\l    RequestNode {\l        request_id: \"request_lUXaqigODI\",\l        is_removed: false,\l    },\l)\l" ]
    22 [ label = "Response(\l    ResponseNode {\l        http_status_code: 200,\l        response_id: \"response_zEjgh3n6Uq\",\l        is_removed: false,\l    },\l)\l" ]
    23 [ label = "Body(\l    BodyNode {\l        http_content_type: \"application/json\",\l        root_shape_id: \"shape_GsyFkrJzlL\",\l        is_removed: false,\l    },\l)\l" ]
    24 [ label = "Endpoint(\l    EndpointNode {\l        path_id: \"path_CmA4ZrhSXc\",\l        http_method: \"GET\",\l        id: \"path_CmA4ZrhSXc.GET\",\l        is_removed: false,\l    },\l)\l" ]
    25 [ label = "Request(\l    RequestNode {\l        request_id: \"request_ncEWlZU2g3\",\l        is_removed: false,\l    },\l)\l" ]
    26 [ label = "Response(\l    ResponseNode {\l        http_status_code: 200,\l        response_id: \"response_pan3yNmeiQ\",\l        is_removed: false,\l    },\l)\l" ]
    27 [ label = "Body(\l    BodyNode {\l        http_content_type: \"application/json\",\l        root_shape_id: \"shape_ApnstcbWQx\",\l        is_removed: false,\l    },\l)\l" ]
    2 -> 0 [ label = "IsChildOf\l" ]
    2 -> 1 [ label = "CreatedIn\l" ]
    3 -> 0 [ label = "IsChildOf\l" ]
    3 -> 1 [ label = "CreatedIn\l" ]
    4 -> 0 [ label = "IsChildOf\l" ]
    4 -> 1 [ label = "CreatedIn\l" ]
    5 -> 2 [ label = "IsChildOf\l" ]
    6 -> 5 [ label = "IsChildOf\l" ]
    6 -> 1 [ label = "CreatedIn\l" ]
    7 -> 5 [ label = "IsChildOf\l" ]
    7 -> 1 [ label = "CreatedIn\l" ]
    8 -> 7 [ label = "IsChildOf\l" ]
    8 -> 1 [ label = "CreatedIn\l" ]
    9 -> 3 [ label = "IsChildOf\l" ]
    10 -> 9 [ label = "IsChildOf\l" ]
    10 -> 1 [ label = "CreatedIn\l" ]
    11 -> 9 [ label = "IsChildOf\l" ]
    11 -> 1 [ label = "CreatedIn\l" ]
    12 -> 11 [ label = "IsChildOf\l" ]
    12 -> 1 [ label = "CreatedIn\l" ]
    13 -> 4 [ label = "IsChildOf\l" ]
    14 -> 13 [ label = "IsChildOf\l" ]
    14 -> 1 [ label = "CreatedIn\l" ]
    15 -> 13 [ label = "IsChildOf\l" ]
    15 -> 1 [ label = "CreatedIn\l" ]
    16 -> 15 [ label = "IsChildOf\l" ]
    16 -> 1 [ label = "CreatedIn\l" ]
    18 -> 0 [ label = "IsChildOf\l" ]
    18 -> 17 [ label = "CreatedIn\l" ]
    19 -> 0 [ label = "IsChildOf\l" ]
    19 -> 17 [ label = "CreatedIn\l" ]
    20 -> 18 [ label = "IsChildOf\l" ]
    21 -> 20 [ label = "IsChildOf\l" ]
    21 -> 17 [ label = "CreatedIn\l" ]
    22 -> 20 [ label = "IsChildOf\l" ]
    22 -> 17 [ label = "CreatedIn\l" ]
    23 -> 22 [ label = "IsChildOf\l" ]
    23 -> 17 [ label = "CreatedIn\l" ]
    24 -> 19 [ label = "IsChildOf\l" ]
    25 -> 24 [ label = "IsChildOf\l" ]
    25 -> 17 [ label = "CreatedIn\l" ]
    26 -> 24 [ label = "IsChildOf\l" ]
    26 -> 17 [ label = "CreatedIn\l" ]
    27 -> 26 [ label = "IsChildOf\l" ]
    27 -> 17 [ label = "CreatedIn\l" ]
}

