---
source: workspaces/optic-engine/tests/interaction_diff.rs
expression: fingerprints
---
[
    "35d5e2108aed851",
]
