---
source: workspaces/optic-engine/tests/interaction-diff-use-cases.rs
expression: results
---
[
    UnmatchedQueryParametersShape(
        UnmatchedQueryParametersShape {
            interaction_trail: InteractionTrail {
                path: [
                    QueryParameters,
                ],
            },
            requests_trail: SpecQueryParameters(
                SpecQueryParameters {
                    query_parameters_id: "query_params_RlgOYxcG3a",
                },
            ),
            shape_diff_result: UnmatchedShape {
                json_trail: JsonTrail {
                    path: [
                        JsonObjectKey {
                            key: "status",
                        },
                    ],
                },
                shape_trail: ShapeTrail {
                    root_shape_id: "shape_X-OuIXHAsv",
                    path: [
                        ObjectFieldTrail {
                            field_id: "field_9c9Zes28hj",
                            field_shape_id: "shape_nPZOXH_CVA",
                            parent_object_shape_id: "shape_X-OuIXHAsv",
                        },
                    ],
                },
            },
        },
    ),
    UnmatchedQueryParametersShape(
        UnmatchedQueryParametersShape {
            interaction_trail: InteractionTrail {
                path: [
                    QueryParameters,
                ],
            },
            requests_trail: SpecQueryParameters(
                SpecQueryParameters {
                    query_parameters_id: "query_params_RlgOYxcG3a",
                },
            ),
            shape_diff_result: UnmatchedShape {
                json_trail: JsonTrail {
                    path: [
                        JsonObjectKey {
                            key: "author",
                        },
                    ],
                },
                shape_trail: ShapeTrail {
                    root_shape_id: "shape_X-OuIXHAsv",
                    path: [
                        ObjectFieldTrail {
                            field_id: "field_JkAduwmxKN",
                            field_shape_id: "shape_VS2qYz39u4",
                            parent_object_shape_id: "shape_X-OuIXHAsv",
                        },
                    ],
                },
            },
        },
    ),
]
