---
source: workspaces/optic-engine/tests/interaction-diff-use-cases.rs
expression: results
---
[]
