---
source: workspaces/optic-engine/tests/interaction-diff-use-cases.rs
expression: "Dot::with_config(&spec_projection.endpoint().graph, &[])"
---
digraph {
    0 [ label = "PathComponent(\l    \"root\",\l    PathComponentDescriptor {\l        is_parameter: false,\l        name: \"\",\l    },\l)\l" ]
    1 [ label = "PathComponent(\l    \"path_vWk9FanJKA\",\l    PathComponentDescriptor {\l        is_parameter: false,\l        name: \"api\",\l    },\l)\l" ]
    2 [ label = "PathComponent(\l    \"path_1pomS4CVlc\",\l    PathComponentDescriptor {\l        is_parameter: false,\l        name: \"todos\",\l    },\l)\l" ]
    3 [ label = "HttpMethod(\l    \"GET\",\l)\l" ]
    4 [ label = "QueryParameters(\l    \"query_params_RlgOYxcG3a\",\l    QueryParametersDescriptor {\l        shape: Some(\l            QueryParametersShapeDescriptor {\l                shape_id: \"shape_X-OuIXHAsv\",\l                is_removed: false,\l            },\l        ),\l    },\l)\l" ]
    5 [ label = "Request(\l    \"request_vO0xAwYhjZ\",\l    RequestDescriptor {\l        body: None,\l    },\l)\l" ]
    6 [ label = "HttpStatusCode(\l    200,\l)\l" ]
    7 [ label = "Response(\l    \"response_vqKyqUIUpv\",\l    ResponseBodyDescriptor {\l        body: Some(\l            BodyDescriptor {\l                http_content_type: \"application/json\",\l                root_shape_id: \"shape_9pOqYqjpGb\",\l            },\l        ),\l    },\l)\l" ]
    1 -> 0 [ label = "IsChildOf\l" ]
    2 -> 1 [ label = "IsChildOf\l" ]
    3 -> 2 [ label = "IsChildOf\l" ]
    4 -> 3 [ label = "IsChildOf\l" ]
    5 -> 3 [ label = "IsChildOf\l" ]
    6 -> 3 [ label = "IsChildOf\l" ]
    7 -> 6 [ label = "IsChildOf\l" ]
}

