---
source: workspaces/optic-engine/tests/interaction_diff.rs
expression: results
---
[]
