// Jest Snapshot v1, https://goo.gl/fbAQLP

exports[`spec with paths, and new bodies 1`] = `Array []`;
