// Jest Snapshot v1, https://goo.gl/fbAQLP

exports[`list of checks renders empty list of checks 1`] = `"IBtbMW0bWzQxbSBGQUlMIBtbNDltG1syMm0gG1szN20bWzFtR0VUG1syMm0gL2V4YW1wbGUbWzM5bQogIBtbMzFteCAbWzM5bW9wZXJhdGlvbiBtdXN0IGhhdmUgdGFncwogICAgG1szMW10YWdzIFtdIG11c3QgYmUgc2V0IG9uIGVhY2ggb3BlcmF0aW9uOiBleHBlY3RlZCB1bmRlZmluZWQgdG8gZXhpc3QbWzM5bQogICAgG1s0bRtbMzRtUmVhZCBtb3JlIGluIG91ciBBUEkgZ3VpZGUbWzM5bRtbMjRtICjigItodHRwczovL2dpdGh1Yi5jb20vc255ay9zd2VhdGVyLWNvbWIvYmxvYi9tYWluL2RvY3Mvc3RhbmRhcmRzLm1kI3RhZ3PigIspCiAgG1szMW14IBtbMzltb3BlcmF0aW9uIG11c3QgaGF2ZSBhbiBvcGVyYXRpb24gaWQKICAgIBtbMzFtb3BlcmF0aW9uIGlkIGlzIG1pc3NpbmcbWzM5bQogICAgG1s0bRtbMzRtUmVhZCBtb3JlIGluIG91ciBBUEkgZ3VpZGUbWzM5bRtbMjRtICjigItodHRwczovL2dpdGh1Yi5jb20vc255ay9zd2VhdGVyLWNvbWIvYmxvYi9tYWluL2RvY3Mvc3RhbmRhcmRzLm1kI29wZXJhdGlvbi1pZHPigIspCgoKIBtbMW0bWzQybSBQQVNTIBtbNDltG1syMm0gG1szN20bWzFtUEFUQ0gbWzIybSAvZXhhbXBsZS97fRtbMzltCiAgG1szMm3inJQgG1szOW1vcGVyYXRpb24gbXVzdCBoYXZlIGFuIG9wZXJhdGlvbiBpZAogICAgG1s0bRtbMzRtUmVhZCBtb3JlIGluIG91ciBBUEkgZ3VpZGUbWzM5bRtbMjRtICjigItodHRwczovL2dpdGh1Yi5jb20vc255ay9zd2VhdGVyLWNvbWIvYmxvYi9tYWluL2RvY3Mvc3RhbmRhcmRzLm1kI29wZXJhdGlvbi1pZHPigIspCgo="`;

exports[`list of checks renders empty list of checks 2`] = `
" [1m[41m FAIL [49m[22m [37m[1mGET[22m /example[39m
  [31mx [39moperation must have tags
    [31mtags [] must be set on each operation: expected undefined to exist[39m
    [4m[34mRead more in our API guide[39m[24m (â€‹https://github.com/snyk/sweater-comb/blob/main/docs/standards.md#tagsâ€‹)
  [31mx [39moperation must have an operation id
    [31moperation id is missing[39m
    [4m[34mRead more in our API guide[39m[24m (â€‹https://github.com/snyk/sweater-comb/blob/main/docs/standards.md#operation-idsâ€‹)


 [1m[42m PASS [49m[22m [37m[1mPATCH[22m /example/{}[39m
  [32mâœ” [39moperation must have an operation id
    [4m[34mRead more in our API guide[39m[24m (â€‹https://github.com/snyk/sweater-comb/blob/main/docs/standards.md#operation-idsâ€‹)

"
`;
