// Jest Snapshot v1, https://goo.gl/fbAQLP

exports[`compare command works when two files provided 1`] = `
"[1m[34mLoading specifications for comparison:[39m[22m
[30mCurrent specification: [1m[32mloading...[39m[30m[22m[39m
[30mNext specification: [1m[32mloading...[39m[30m[22m[39m"
`;
