---
source: workspaces/optic-engine/src/commands/endpoint.rs
expression: existing_params_result.unwrap_err()
---
Validation(
    "Command failed validation: endpoint must not have existing query parameters to add query parameters, \"AddQueryParameters(AddQueryParameters { query_parameters_id: \\\"query_parameters_2\\\", path_id: \\\"path_1\\\", http_method: \\\"GET\\\" })\"",
)
