---
source: workspaces/optic-engine/src/commands/shape.rs
expression: unexisting_field_result.unwrap_err()
---
Validation(
    "Command failed validation: field must exist to remove field, \"RemoveField(RemoveField { field_id: \\\"not_a_field\\\" })\"",
)
