---
source: workspaces/optic-engine/src/commands/endpoint.rs
expression: unexisting_request_result.unwrap_err()
---
Validation(
    "Command failed validation: request must exist to set query parameters shape, \"SetRequestQueryParametersShape(SetRequestQueryParametersShape { request_id: \\\"not-a-request\\\", shape_descriptor: QueryParametersShapeDescriptor { shape_id: \\\"shape_1\\\", is_removed: false } })\"",
)
