---
source: workspaces/optic-engine/src/commands/endpoint.rs
expression: new_events
---
[
    QueryParametersAdded(
        QueryParametersAdded {
            query_parameters_id: "query_parameters_2",
            http_method: "POST",
            path_id: "path_1",
            event_context: None,
        },
    ),
]
