---
source: workspaces/optic-engine/src/commands/mod.rs
expression: unexisting_shape_result.unwrap_err()
---
Validation(
    "Command failed validation: shape must exist to set the query parameters shape, \"SetQueryParametersShape(SetQueryParametersShape { query_parameters_id: \\\"query_parameters_1\\\", shape_descriptor: QueryParametersShapeDescriptor { shape_id: \\\"not-a-shape-id\\\", is_removed: false } })\"",
)
