// Jest Snapshot v1, https://goo.gl/fbAQLP

exports[`reading sourcemaps can get file path of forign file for any pointer relative to flattened json 1`] = `"/inputs/openapi3-with-references/definitions.yaml"`;

exports[`reading sourcemaps can get file paths json pointer in main file relative to flattened json 1`] = `"/inputs/openapi3-with-references/external-multiple.yaml"`;

exports[`reading sourcemaps lines in affected file for sub-property 1`] = `
Object {
  "endLine": 8,
  "endPosition": 111,
  "filePath": "/Users/aidancunniffe/Developer/openapi-optic/poc-governance-tools/projects/openapi-utilities/inputs/openapi3-with-references/definitions.yaml",
  "preview": "    name: 'Homer'",
  "startLine": 8,
  "startPosition": 98,
}
`;

exports[`reading sourcemaps lines in affected for object 1`] = `
Object {
  "endLine": 7,
  "endPosition": 117,
  "filePath": "/Users/aidancunniffe/Developer/openapi-optic/poc-governance-tools/projects/openapi-utilities/inputs/openapi3-with-references/external-multiple.yaml",
  "preview": "properties:
  token:
    type: string
  user:
    $ref: 'definitions.yaml#/User'",
  "startLine": 3,
  "startPosition": 37,
}
`;

exports[`reading sourcemaps resolve a large sampling of known-valid keys 1`] = `
Array [
  undefined,
  undefined,
  undefined,
  undefined,
  undefined,
  undefined,
  undefined,
  Object {
    "endLine": 12,
    "endPosition": 292,
    "filePath": "/Users/aidancunniffe/Developer/openapi-optic/poc-governance-tools/projects/snyk-rules/end-end-tests/api-standards/components/responses/400.yaml",
    "preview": "",
    "startLine": 5,
    "startPosition": 207,
  },
  undefined,
  undefined,
  undefined,
  Object {
    "endLine": 34,
    "endPosition": 91,
    "filePath": "/Users/aidancunniffe/Developer/openapi-optic/poc-governance-tools/projects/snyk-rules/end-end-tests/api-standards/components/errors.yaml",
    "preview": "",
    "startLine": 4,
    "startPosition": 48,
  },
  undefined,
  undefined,
  undefined,
  undefined,
  undefined,
  Object {
    "endLine": 1,
    "endPosition": 156,
    "filePath": "/Users/aidancunniffe/Developer/openapi-optic/poc-governance-tools/projects/snyk-rules/end-end-tests/api-standards/components/parameters/version.yaml",
    "preview": "",
    "startLine": 1,
    "startPosition": 0,
  },
  undefined,
  undefined,
  undefined,
  undefined,
  Object {
    "endLine": 12,
    "endPosition": 313,
    "filePath": "/Users/aidancunniffe/Developer/openapi-optic/poc-governance-tools/projects/snyk-rules/end-end-tests/api-standards/components/responses/403.yaml",
    "preview": "",
    "startLine": 5,
    "startPosition": 228,
  },
  undefined,
  undefined,
  Object {
    "endLine": 12,
    "endPosition": 374,
    "filePath": "/Users/aidancunniffe/Developer/openapi-optic/poc-governance-tools/projects/snyk-rules/end-end-tests/api-standards/components/responses/400.yaml",
    "preview": "",
    "startLine": 6,
    "startPosition": 297,
  },
  undefined,
  undefined,
  undefined,
  undefined,
  undefined,
  undefined,
  undefined,
  undefined,
  undefined,
  Object {
    "endLine": 12,
    "endPosition": 561,
    "filePath": "/Users/aidancunniffe/Developer/openapi-optic/poc-governance-tools/projects/snyk-rules/end-end-tests/api-standards/components/responses/500.yaml",
    "preview": "",
    "startLine": 8,
    "startPosition": 494,
  },
  undefined,
  Object {
    "endLine": 12,
    "endPosition": 313,
    "filePath": "/Users/aidancunniffe/Developer/openapi-optic/poc-governance-tools/projects/snyk-rules/end-end-tests/api-standards/components/responses/403.yaml",
    "preview": "",
    "startLine": 5,
    "startPosition": 228,
  },
  undefined,
  undefined,
  undefined,
  undefined,
  Object {
    "endLine": 12,
    "endPosition": 534,
    "filePath": "/Users/aidancunniffe/Developer/openapi-optic/poc-governance-tools/projects/snyk-rules/end-end-tests/api-standards/components/responses/404.yaml",
    "preview": "",
    "startLine": 8,
    "startPosition": 467,
  },
  undefined,
  Object {
    "endLine": 12,
    "endPosition": 472,
    "filePath": "/Users/aidancunniffe/Developer/openapi-optic/poc-governance-tools/projects/snyk-rules/end-end-tests/api-standards/components/responses/400.yaml",
    "preview": "",
    "startLine": 7,
    "startPosition": 379,
  },
  Object {
    "endLine": 12,
    "endPosition": 364,
    "filePath": "/Users/aidancunniffe/Developer/openapi-optic/poc-governance-tools/projects/snyk-rules/end-end-tests/api-standards/components/responses/404.yaml",
    "preview": "",
    "startLine": 6,
    "startPosition": 287,
  },
  undefined,
  undefined,
  Object {
    "endLine": 31,
    "endPosition": 172,
    "filePath": "/Users/aidancunniffe/Developer/openapi-optic/poc-governance-tools/projects/snyk-rules/end-end-tests/api-standards/components/errors.yaml",
    "preview": "",
    "startLine": 5,
    "startPosition": 96,
  },
  undefined,
]
`;
