---
source: workspaces/diff-engine/src/learn_shape/result.rs
expression: "&empty_array_results"
---
(
    Some(
        "test-id-2",
    ),
    [
        ShapeCommand(
            AddShape(
                AddShape {
                    shape_id: "test-id-2",
                    base_shape_id: "$list",
                    name: "",
                },
            ),
        ),
    ],
)
