---
source: workspaces/diff-engine/src/learn_shape/result.rs
expression: "&polymorphic_array_results"
---
(
    Some(
        "test-id-8",
    ),
    [
        ShapeCommand(
            AddShape(
                AddShape {
                    shape_id: "test-id-3",
                    base_shape_id: "$oneOf",
                    name: "",
                },
            ),
        ),
        ShapeCommand(
            AddShape(
                AddShape {
                    shape_id: "test-id-6",
                    base_shape_id: "$string",
                    name: "",
                },
            ),
        ),
        ShapeCommand(
            AddShapeParameter(
                AddShapeParameter {
                    shape_parameter_id: "test-id-4",
                    shape_id: "test-id-3",
                    name: "",
                },
            ),
        ),
        ShapeCommand(
            SetParameterShape(
                SetParameterShape {
                    shape_descriptor: ProviderInShape(
                        ProviderInShape {
                            shape_id: "test-id-3",
                            provider_descriptor: ShapeProvider(
                                ShapeProvider {
                                    shape_id: "test-id-6",
                                },
                            ),
                            consuming_parameter_id: "test-id-4",
                        },
                    ),
                },
            ),
        ),
        ShapeCommand(
            AddShape(
                AddShape {
                    shape_id: "test-id-7",
                    base_shape_id: "$number",
                    name: "",
                },
            ),
        ),
        ShapeCommand(
            AddShapeParameter(
                AddShapeParameter {
                    shape_parameter_id: "test-id-5",
                    shape_id: "test-id-3",
                    name: "",
                },
            ),
        ),
        ShapeCommand(
            SetParameterShape(
                SetParameterShape {
                    shape_descriptor: ProviderInShape(
                        ProviderInShape {
                            shape_id: "test-id-3",
                            provider_descriptor: ShapeProvider(
                                ShapeProvider {
                                    shape_id: "test-id-7",
                                },
                            ),
                            consuming_parameter_id: "test-id-5",
                        },
                    ),
                },
            ),
        ),
        ShapeCommand(
            AddShape(
                AddShape {
                    shape_id: "test-id-8",
                    base_shape_id: "$list",
                    name: "",
                },
            ),
        ),
        ShapeCommand(
            SetParameterShape(
                SetParameterShape {
                    shape_descriptor: ProviderInShape(
                        ProviderInShape {
                            shape_id: "test-id-8",
                            provider_descriptor: ShapeProvider(
                                ShapeProvider {
                                    shape_id: "test-id-3",
                                },
                            ),
                            consuming_parameter_id: "$listItem",
                        },
                    ),
                },
            ),
        ),
    ],
)
