---
source: workspaces/optic-engine/src/queries/spectacle/spec_choices.rs
expression: "&edit_shape_commands"
---
[
    ShapeCommand(
        AddShape(
            AddShape {
                shape_id: "shape_1094",
                base_shape_id: "$nullable",
                name: "",
            },
        ),
    ),
    ShapeCommand(
        SetParameterShape(
            SetParameterShape {
                shape_descriptor: ProviderInShape(
                    ProviderInShape {
                        shape_id: "shape_1094",
                        provider_descriptor: ShapeProvider(
                            ShapeProvider {
                                shape_id: "string_shape_1",
                            },
                        ),
                        consuming_parameter_id: "$nullableInner",
                    },
                ),
            },
        ),
    ),
    ShapeCommand(
        AddShape(
            AddShape {
                shape_id: "shape_1095",
                base_shape_id: "$optional",
                name: "",
            },
        ),
    ),
    ShapeCommand(
        SetParameterShape(
            SetParameterShape {
                shape_descriptor: ProviderInShape(
                    ProviderInShape {
                        shape_id: "shape_1095",
                        provider_descriptor: ShapeProvider(
                            ShapeProvider {
                                shape_id: "shape_1094",
                            },
                        ),
                        consuming_parameter_id: "$optionalInner",
                    },
                ),
            },
        ),
    ),
    ShapeCommand(
        SetFieldShape(
            SetFieldShape {
                shape_descriptor: FieldShapeFromShape(
                    FieldShapeFromShape {
                        field_id: "field_1",
                        shape_id: "shape_1095",
                    },
                ),
            },
        ),
    ),
]
