---
source: workspaces/optic-engine/src/projections/learners/undocumented_bodies.rs
expression: "&request_commands"
---
[
    ShapeCommand(
        AddShape(
            AddShape {
                shape_id: "test-id-0",
                base_shape_id: "$string",
                name: "",
            },
        ),
    ),
    ShapeCommand(
        AddShape(
            AddShape {
                shape_id: "test-id-1",
                base_shape_id: "$string",
                name: "",
            },
        ),
    ),
    ShapeCommand(
        AddShape(
            AddShape {
                shape_id: "test-id-4",
                base_shape_id: "$object",
                name: "",
            },
        ),
    ),
    ShapeCommand(
        AddField(
            AddField {
                field_id: "test-id-2",
                shape_id: "test-id-4",
                name: "page",
                shape_descriptor: FieldShapeFromShape(
                    FieldShapeFromShape {
                        field_id: "test-id-2",
                        shape_id: "test-id-1",
                    },
                ),
            },
        ),
    ),
    ShapeCommand(
        AddField(
            AddField {
                field_id: "test-id-3",
                shape_id: "test-id-4",
                name: "search",
                shape_descriptor: FieldShapeFromShape(
                    FieldShapeFromShape {
                        field_id: "test-id-3",
                        shape_id: "test-id-0",
                    },
                ),
            },
        ),
    ),
    EndpointCommand(
        AddRequest(
            AddRequest {
                request_id: "test-id-5",
                path_id: "root",
                http_method: "GET",
            },
        ),
    ),
    EndpointCommand(
        SetRequestQueryParametersShape(
            SetRequestQueryParametersShape {
                request_id: "test-id-5",
                shape_descriptor: QueryParametersShapeDescriptor {
                    shape_id: "test-id-4",
                    is_removed: false,
                },
            },
        ),
    ),
]
